gdb .\problem01.exe 
GNU gdb (GDB) 7.6.1
Copyright (C) 2013 Free Software Foundation, Inc.
License GPLv3+: GNU GPL version 3 or later <http://gnu.org/licenses/gpl.html>
This is free software: you are free to change and redistribute it.
There is NO WARRANTY, to the extent permitted by law.  Type "show copying"
and "show warranty" for details.
This GDB was configured as "mingw32".
For bug reporting instructions, please see:
<http://www.gnu.org/software/gdb/bugs/>...
Reading symbols from E:\PSC_sem2\c-activity-sets\set02\problem01.exe...done.
(gdb) b main
Breakpoint 1 at 0x401505: file .\problem01.c, line 20.
(gdb) r
Starting program: E:\PSC_sem2\c-activity-sets\set02/.\problem01.exe
[New Thread 16544.0xeac]
[New Thread 16544.0x2014]

Breakpoint 1, main () at .\problem01.c:20
20          input(&base,&height);
(gdb) n
Enter the base
33
Enter the height
44
22          find_area(base,height,&area);
(gdb) n
23          output(base,height,area);
(gdb) n
The area of a triangle with base 33.000000 and height 44.000000 is 726.00000024     return 0;
(gdb) n
25      }(gdb) n
0x00401288 in __register_frame_info ()
(gdb) n
Single stepping until exit from function __register_frame_info,
which has no line number information.
0x0040128a in __register_frame_info ()
(gdb) q
A debugging session is active.

        Inferior 1 [process 16544] will be killed.

Quit anyway? (y or n) y
error return ../../gdb-7.6.1/gdb/windows-nat.c:1275 was 5