gdb .\problem03.exe 
GNU gdb (GDB) 7.6.1
Copyright (C) 2013 Free Software Foundation, Inc.
License GPLv3+: GNU GPL version 3 or later <http://gnu.org/licenses/gpl.html>
This is free software: you are free to change and redistribute it.
There is NO WARRANTY, to the extent permitted by law.  Type "show copying"
and "show warranty" for details.
This GDB was configured as "mingw32".
For bug reporting instructions, please see:
<http://www.gnu.org/software/gdb/bugs/>...
Reading symbols from E:\PSC_sem2\c-activity-sets\set02\problem03.exe...done.
(gdb) b main
Breakpoint 1 at 0x401536: file .\problem03.c, line 44.
(gdb) r
Starting program: E:\PSC_sem2\c-activity-sets\set02/.\problem03.exe
[New Thread 21420.0x2f04]
[New Thread 21420.0x4938]

Breakpoint 1, main () at .\problem03.c:44
44          n=input_number();
(gdb) n
enter the no.
4
46          result=is_composite(n);
(gdb) n
47          output(n,result);
(gdb) n
4 is a prime no.
48          return 0;
(gdb) n
49      }(gdb) n
0x00401288 in __register_frame_info ()
(gdb) n
Single stepping until exit from function __register_frame_info,
which has no line number information.
0x0040128a in __register_frame_info ()
(gdb) q
A debugging session is active.

        Inferior 1 [process 21420] will be killed.

Quit anyway? (y or n) y
error return ../../gdb-7.6.1/gdb/windows-nat.c:1275 was 5