gcc -g -O0 problem10.c -o problem10.exe
PS E:\PSC_sem2\c-activity-sets\set01> gdb .\problem09.exe 
GNU gdb (GDB) 7.6.1
Copyright (C) 2013 Free Software Foundation, Inc.
License GPLv3+: GNU GPL version 3 or later <http://gnu.org/licenses/gpl.html>
This is free software: you are free to change and redistribute it.
There is NO WARRANTY, to the extent permitted by law.  Type "show copying"
and "show warranty" for details.
This GDB was configured as "mingw32".
For bug reporting instructions, please see:
<http://www.gnu.org/software/gdb/bugs/>...
Reading symbols from E:\PSC_sem2\c-activity-sets\set01\problem09.exe...done.
(gdb) q
PS E:\PSC_sem2\c-activity-sets\set01> gdb .\problem10.exe 
GNU gdb (GDB) 7.6.1
Copyright (C) 2013 Free Software Foundation, Inc.
License GPLv3+: GNU GPL version 3 or later <http://gnu.org/licenses/gpl.html>
This is free software: you are free to change and redistribute it.
There is NO WARRANTY, to the extent permitted by law.  Type "show copying"
and "show warranty" for details.
This GDB was configured as "mingw32".
For bug reporting instructions, please see:
<http://www.gnu.org/software/gdb/bugs/>...
Reading symbols from E:\PSC_sem2\c-activity-sets\set01\problem10.exe...done.
(gdb) b main
Breakpoint 1 at 0x401471: file problem10.c, line 12.
(gdb) r
Starting program: E:\PSC_sem2\c-activity-sets\set01/.\problem10.exe
[New Thread 11440.0x2c90]
[New Thread 11440.0x1934]

Breakpoint 1, main () at problem10.c:12
12          input_two_strings(string1 , string2);
(gdb) n
enter the first string :dhyey
enter the second string :hirva
13          result = stringcompare(string1 , string2);
(gdb)
14          output(string1 , string2 , result);
(gdb) n
hirva string is larger than dhyey
15          
(gdb) q
A debugging session is active.

        Inferior 1 [process 11440] will be killed.

Quit anyway? (y or n) y
error return ../../gdb-7.6.1/gdb/windows-nat.c:1275 was 5